0 verbose cli /usr/bin/node /usr/bin/npm
1 info using npm@9.2.0
2 info using node@v20.19.2
3 timing npm:load:whichnode Completed in 0ms
4 timing config:load:defaults Completed in 2ms
5 timing config:load:file:/usr/share/nodejs/npm/npmrc Completed in 3ms
6 timing config:load:builtin Completed in 3ms
7 timing config:load:cli Completed in 2ms
8 timing config:load:env Completed in 1ms
9 timing config:load:project Completed in 1ms
10 timing config:load:file:/opt/node-hello/.npmrc Completed in 0ms
11 timing config:load:user Completed in 0ms
12 timing config:load:file:/etc/npmrc Completed in 0ms
13 timing config:load:global Completed in 0ms
14 timing config:load:setEnvs Completed in 1ms
15 timing config:load Completed in 11ms
16 timing npm:load:configload Completed in 11ms
17 timing npm:load:mkdirpcache Completed in 1ms
18 timing npm:load:mkdirplogs Completed in 0ms
19 verbose title npm install
20 verbose argv "install" "--omit" "dev"
21 timing npm:load:setTitle Completed in 1ms
22 timing config:load:flatten Completed in 3ms
23 timing npm:load:display Completed in 4ms
24 verbose logfile logs-max:10 dir:/opt/node-hello/.npm/_logs/2026-05-27T05_09_53_265Z-
25 verbose logfile /opt/node-hello/.npm/_logs/2026-05-27T05_09_53_265Z-debug-0.log
26 timing npm:load:logFile Completed in 8ms
27 timing npm:load:timers Completed in 0ms
28 timing npm:load:configScope Completed in 0ms
29 timing npm:load Completed in 25ms
30 silly logfile done cleaning log files
31 timing config:load:flatten Completed in 1ms
32 timing arborist:ctor Completed in 1ms
33 timing arborist:ctor Completed in 0ms
34 timing idealTree:init Completed in 13ms
35 timing idealTree:userRequests Completed in 0ms
36 silly idealTree buildDeps
37 timing idealTree:#root Completed in 0ms
38 timing idealTree:buildDeps Completed in 2ms
39 timing idealTree:fixDepFlags Completed in 0ms
40 timing idealTree Completed in 16ms
41 timing reify:loadTrees Completed in 17ms
42 timing reify:diffTrees Completed in 0ms
43 silly reify moves {}
44 timing reify:retireShallow Completed in 2ms
45 timing reify:createSparse Completed in 0ms
46 timing reify:trashOmits Completed in 0ms
47 timing reify:loadBundles Completed in 0ms
48 timing reify:unpack Completed in 0ms
49 timing reify:unretire Completed in 0ms
50 timing build:queue Completed in 0ms
51 timing build:deps Completed in 1ms
52 timing build Completed in 1ms
53 timing reify:build Completed in 1ms
54 timing reify:trash Completed in 0ms
55 timing reify:save Completed in 2ms
56 timing reify Completed in 30ms
57 timing command:install Completed in 35ms
58 verbose stack Error: ENOENT: no such file or directory, open '/opt/node-hello/package.json'
59 verbose cwd /opt/node-hello
60 verbose Linux 6.12.90+deb13-amd64
61 verbose node v20.19.2
62 verbose npm  v9.2.0
63 error code ENOENT
64 error syscall open
65 error path /opt/node-hello/package.json
66 error errno -2
67 error enoent ENOENT: no such file or directory, open '/opt/node-hello/package.json'
68 error enoent This is related to npm not being able to find a file.
68 error enoent
69 verbose exit -2
70 timing npm Completed in 82ms
71 verbose code -2
72 error A complete log of this run can be found in:
72 error     /opt/node-hello/.npm/_logs/2026-05-27T05_09_53_265Z-debug-0.log
